// Jest Snapshot v1, https://goo.gl/fbAQLP

exports[`renders correctly 1`] = `
<div>
  <h2>
    About
  </h2>
  <p>
    14882363367.071
     seconds have ellapsed since the UNIX epoch.
  </p>
  <button
    className="btn btn-primary"
    onClick={[Function]}
  >
    home
  </button>
</div>
`;
